###############################################################################
#
# IAR ELF Linker V7.40.3.8902/W32 for ARM                 02/Jun/2017  13:41:44
# Copyright 2007-2015 IAR Systems AB.
#
#    Output file  =  E:\工程文件\开发板程序开发\KFB_LCD\EWARM\KFB\Exe\KFB.out
#    Map file     =  E:\工程文件\开发板程序开发\KFB_LCD\EWARM\KFB/List\KFB.map
#    Command line =  
#        E:\工程文件\开发板程序开发\KFB_LCD\EWARM\KFB\Obj\App.o
#        E:\工程文件\开发板程序开发\KFB_LCD\EWARM\KFB\Obj\dma.o
#        E:\工程文件\开发板程序开发\KFB_LCD\EWARM\KFB\Obj\gpio.o
#        E:\工程文件\开发板程序开发\KFB_LCD\EWARM\KFB\Obj\hdc1000.o
#        E:\工程文件\开发板程序开发\KFB_LCD\EWARM\KFB\Obj\i2c.o
#        E:\工程文件\开发板程序开发\KFB_LCD\EWARM\KFB\Obj\ILI9341.o
#        E:\工程文件\开发板程序开发\KFB_LCD\EWARM\KFB\Obj\Key.o
#        E:\工程文件\开发板程序开发\KFB_LCD\EWARM\KFB\Obj\Lcd_App.o
#        E:\工程文件\开发板程序开发\KFB_LCD\EWARM\KFB\Obj\Lorawan.o
#        E:\工程文件\开发板程序开发\KFB_LCD\EWARM\KFB\Obj\LowPower.o
#        E:\工程文件\开发板程序开发\KFB_LCD\EWARM\KFB\Obj\main.o
#        E:\工程文件\开发板程序开发\KFB_LCD\EWARM\KFB\Obj\max7q.o
#        E:\工程文件\开发板程序开发\KFB_LCD\EWARM\KFB\Obj\mma8451.o
#        E:\工程文件\开发板程序开发\KFB_LCD\EWARM\KFB\Obj\mpl3115.o
#        E:\工程文件\开发板程序开发\KFB_LCD\EWARM\KFB\Obj\opt3001.o
#        E:\工程文件\开发板程序开发\KFB_LCD\EWARM\KFB\Obj\Production_Test.o
#        E:\工程文件\开发板程序开发\KFB_LCD\EWARM\KFB\Obj\rtc.o
#        E:\工程文件\开发板程序开发\KFB_LCD\EWARM\KFB\Obj\spi.o
#        E:\工程文件\开发板程序开发\KFB_LCD\EWARM\KFB\Obj\startup_stm32l053xx.o
#        E:\工程文件\开发板程序开发\KFB_LCD\EWARM\KFB\Obj\stm32l0xx_hal.o
#        E:\工程文件\开发板程序开发\KFB_LCD\EWARM\KFB\Obj\stm32l0xx_hal_cortex.o
#        E:\工程文件\开发板程序开发\KFB_LCD\EWARM\KFB\Obj\stm32l0xx_hal_dma.o
#        E:\工程文件\开发板程序开发\KFB_LCD\EWARM\KFB\Obj\stm32l0xx_hal_flash.o
#        E:\工程文件\开发板程序开发\KFB_LCD\EWARM\KFB\Obj\stm32l0xx_hal_flash_ex.o
#        E:\工程文件\开发板程序开发\KFB_LCD\EWARM\KFB\Obj\stm32l0xx_hal_flash_ramfunc.o
#        E:\工程文件\开发板程序开发\KFB_LCD\EWARM\KFB\Obj\stm32l0xx_hal_gpio.o
#        E:\工程文件\开发板程序开发\KFB_LCD\EWARM\KFB\Obj\stm32l0xx_hal_i2c.o
#        E:\工程文件\开发板程序开发\KFB_LCD\EWARM\KFB\Obj\stm32l0xx_hal_i2c_ex.o
#        E:\工程文件\开发板程序开发\KFB_LCD\EWARM\KFB\Obj\stm32l0xx_hal_msp.o
#        E:\工程文件\开发板程序开发\KFB_LCD\EWARM\KFB\Obj\stm32l0xx_hal_pwr.o
#        E:\工程文件\开发板程序开发\KFB_LCD\EWARM\KFB\Obj\stm32l0xx_hal_pwr_ex.o
#        E:\工程文件\开发板程序开发\KFB_LCD\EWARM\KFB\Obj\stm32l0xx_hal_rcc.o
#        E:\工程文件\开发板程序开发\KFB_LCD\EWARM\KFB\Obj\stm32l0xx_hal_rcc_ex.o
#        E:\工程文件\开发板程序开发\KFB_LCD\EWARM\KFB\Obj\stm32l0xx_hal_rtc.o
#        E:\工程文件\开发板程序开发\KFB_LCD\EWARM\KFB\Obj\stm32l0xx_hal_rtc_ex.o
#        E:\工程文件\开发板程序开发\KFB_LCD\EWARM\KFB\Obj\stm32l0xx_hal_spi.o
#        E:\工程文件\开发板程序开发\KFB_LCD\EWARM\KFB\Obj\stm32l0xx_hal_tim.o
#        E:\工程文件\开发板程序开发\KFB_LCD\EWARM\KFB\Obj\stm32l0xx_hal_tim_ex.o
#        E:\工程文件\开发板程序开发\KFB_LCD\EWARM\KFB\Obj\stm32l0xx_hal_uart.o
#        E:\工程文件\开发板程序开发\KFB_LCD\EWARM\KFB\Obj\stm32l0xx_hal_uart_ex.o
#        E:\工程文件\开发板程序开发\KFB_LCD\EWARM\KFB\Obj\stm32l0xx_it.o
#        E:\工程文件\开发板程序开发\KFB_LCD\EWARM\KFB\Obj\system_stm32l0xx.o
#        E:\工程文件\开发板程序开发\KFB_LCD\EWARM\KFB\Obj\usart.o
#        E:\工程文件\开发板程序开发\KFB_LCD\EWARM\KFB\Obj\XPT2046.o --redirect
#        _Printf=_PrintfFull --redirect _Scanf=_ScanfFull -o
#        E:\工程文件\开发板程序开发\KFB_LCD\EWARM\KFB\Exe\KFB.out --map
#        E:\工程文件\开发板程序开发\KFB_LCD\EWARM\KFB/List\KFB.map --config
#        E:\工程文件\开发板程序开发\KFB_LCD\EWARM/stm32l053xx_flash.icf
#        --semihosting --entry __iar_program_start --vfe
#
###############################################################################

*******************************************************************************
*** RUNTIME MODEL ATTRIBUTES
***

CppFlavor                     = *
__Heap_Handler                = Basic
__SystemLibrary               = DLib
__dlib_dynamic_initialization = normal


*******************************************************************************
*** PLACEMENT SUMMARY
***

"A1":  place at 0x08000000 { ro section .intvec };
"P1":  place in [from 0x08000000 to 0x0800ffff] { ro };
"P2":  place in [from 0x20000000 to 0x20001fff] { rw, block CSTACK, block HEAP };

  Section             Kind        Address    Size  Object
  -------             ----        -------    ----  ------
"A1":                                        0xc0
  .intvec             ro code  0x08000000    0xc0  startup_stm32l053xx.o [1]
                             - 0x080000c0    0xc0

"P1":                                      0xf6b7
  .text               ro code  0x080000c0  0x24ec  Lcd_App.o [1]
  .text               ro code  0x080025ac   0x426  usart.o [1]
  .text               ro code  0x080029d2     0x2  startup_stm32l053xx.o [1]
  .text               ro code  0x080029d4   0x6a8  XPT2046.o [1]
  .text               ro code  0x0800307c  0x201c  App.o [1]
  .text               ro code  0x08005098  0x1a28  ILI9341.o [1]
  .text               ro code  0x08006ac0  0x1774  Lorawan.o [1]
  .text               ro code  0x08008234    0xe0  I32DivModFast.o [5]
  .text               ro code  0x08008314   0x908  stm32l0xx_hal_uart.o [1]
  .text               ro code  0x08008c1c   0x1fc  main.o [1]
  .text               ro code  0x08008e18   0x1ec  stm32l0xx_hal_gpio.o [1]
  .text               ro code  0x08009004   0x43c  stm32l0xx_hal_dma.o [1]
  .text               ro code  0x08009440    0xe0  stm32l0xx_hal_cortex.o [1]
  .text               ro code  0x08009520    0x74  stm32l0xx_hal.o [1]
  .text               ro code  0x08009594    0x3c  vsnprint.o [3]
  .text               ro code  0x080095d0     0x8  abs.o [3]
  .text               ro code  0x080095d8    0x34  I32ToDbl.o [4]
  .text               ro code  0x0800960c    0xbe  sqrt.o [4]
  .text               ro code  0x080096ca     0x2  startup_stm32l053xx.o [1]
  .text               ro code  0x080096cc    0x52  DblToI32.o [4]
  .text               ro code  0x0800971e     0x2  startup_stm32l053xx.o [1]
  .text               ro code  0x08009720    0x36  I32ToFlt.o [4]
  .text               ro code  0x08009756    0xaa  FltDiv.o [4]
  .text               ro code  0x08009800    0x26  FltCmpLe.o [4]
  .text               ro code  0x08009826     0x2  startup_stm32l053xx.o [1]
  .text               ro code  0x08009828    0x28  FltCmpGe.o [4]
  .text               ro code  0x08009850    0xb0  FltMul.o [4]
  .text               ro code  0x08009900   0x120  FltAddSub.o [4]
  .text               ro code  0x08009a20    0x3a  FltToS32.o [4]
  .text               ro code  0x08009a5a     0x2  startup_stm32l053xx.o [1]
  .text               ro code  0x08009a5c   0x314  Production_Test.o [1]
  .text               ro code  0x08009d70   0x310  LowPower.o [1]
  .text               ro code  0x0800a080   0x1f6  hdc1000.o [1]
  .text               ro code  0x0800a276     0x2  startup_stm32l053xx.o [1]
  .text               ro code  0x0800a278    0x32  FltToDbl.o [4]
  .text               ro code  0x0800a2aa     0x2  startup_stm32l053xx.o [1]
  .text               ro code  0x0800a2ac   0x1b6  opt3001.o [1]
  .text               ro code  0x0800a462     0x2  startup_stm32l053xx.o [1]
  .text               ro code  0x0800a464   0x172  mpl3115.o [1]
  .text               ro code  0x0800a5d6     0x2  startup_stm32l053xx.o [1]
  .text               ro code  0x0800a5d8    0x20  FltCmpEq.o [4]
  .text               ro code  0x0800a5f8    0xc2  DblDiv.o [4]
  .text               ro code  0x0800a6ba     0x2  startup_stm32l053xx.o [1]
  .text               ro code  0x0800a6bc   0x1f4  mma8451.o [1]
  .text               ro code  0x0800a8b0   0x2bc  max7q.o [1]
  .text               ro code  0x0800ab6c   0x184  DblMul.o [4]
  .text               ro code  0x0800acf0    0x62  DblToFlt.o [4]
  .text               ro code  0x0800ad52     0x2  startup_stm32l053xx.o [1]
  .text               ro code  0x0800ad54    0x26  FltToU32.o [4]
  .text               ro code  0x0800ad7a     0x2  startup_stm32l053xx.o [1]
  .text               ro code  0x0800ad7c    0x84  stm32l0xx_hal_flash_ex.o [1]
  .text               ro code  0x0800ae00   0x2fc  stm32l0xx_hal_spi.o [1]
  .text               ro code  0x0800b0fc    0x5c  ABImemcpy.o [5]
  .text               ro code  0x0800b158    0x40  ABImemset.o [5]
  .text               ro code  0x0800b198    0x1c  strcat.o [3]
  .text               ro code  0x0800b1b4     0x2  IntDivZer.o [5]
  .text               ro code  0x0800b1b6     0x2  startup_stm32l053xx.o [1]
  .text               ro code  0x0800b1b8     0x2  stm32l0xx_hal_uart_ex.o [1]
  .text               ro code  0x0800b1ba     0x2  startup_stm32l053xx.o [1]
  .text               ro code  0x0800b1bc   0x6d0  stm32l0xx_hal_rcc.o [1]
  .text               ro code  0x0800b88c   0x1b4  DblAddSub.o [4]
  .text               ro code  0x0800ba40   0x1ec  gpio.o [1]
  .text               ro code  0x0800bc2c    0x84  spi.o [1]
  .text               ro code  0x0800bcb0    0x3c  dma.o [1]
  .text               ro code  0x0800bcec    0x90  rtc.o [1]
  .text               ro code  0x0800bd7c   0x208  stm32l0xx_hal_tim.o [1]
  .text               ro code  0x0800bf84   0x194  stm32l0xx_hal_rcc_ex.o [1]
  .text               ro code  0x0800c118   0x21c  Key.o [1]
  .text               ro code  0x0800c334    0x40  stm32l0xx_hal_msp.o [1]
  .text               ro code  0x0800c374  0x12ca  xprintffull.o [3]
  .text               ro code  0x0800d63e     0x2  startup_stm32l053xx.o [1]
  .text               ro code  0x0800d640     0xc  iarEdom.o [5]
  .text               ro code  0x0800d64c    0x1c  stm32l0xx_hal_pwr_ex.o [1]
  .text               ro code  0x0800d668    0x3c  stm32l0xx_hal_pwr.o [1]
  .text               ro code  0x0800d6a4   0x128  stm32l0xx_hal_rtc_ex.o [1]
  .text               ro code  0x0800d7cc   0x748  stm32l0xx_hal_i2c.o [1]
  .text               ro code  0x0800df14    0x70  stm32l0xx_hal_i2c_ex.o [1]
  .text               ro code  0x0800df84     0x8  max7q.o [1]
  .text               ro code  0x0800df8c    0xe8  stm32l0xx_hal_flash.o [1]
  .text               ro code  0x0800e074   0x33a  stm32l0xx_hal_rtc.o [1]
  .text               ro code  0x0800e3ae    0x1c  xmbtowc.o [3]
  .text               ro code  0x0800e3ca    0x14  strchr.o [5]
  .text               ro code  0x0800e3de    0x10  strlen.o [5]
  .text               ro code  0x0800e3ee    0x18  memchr.o [5]
  .text               ro code  0x0800e406     0xa  xmbcurmax.o [3]
  .text               ro code  0x0800e410    0xb8  xxmemxmalloc.o [3]
  .text               ro code  0x0800e4c8    0x18  xwctomb.o [3]
  .text               ro code  0x0800e4e0    0x88  xxmemxfree.o [3]
  .text               ro code  0x0800e568    0x6a  I64DivMod.o [5]
  .text               ro code  0x0800e5d2    0x44  xdnorm.o [4]
  .text               ro code  0x0800e616    0x32  DblCmpLe.o [4]
  .text               ro code  0x0800e648    0x32  DblCmpGe.o [4]
  .text               ro code  0x0800e67a     0x2  startup_stm32l053xx.o [1]
  .text               ro code  0x0800e67c   0x11c  xdscale.o [4]
  .text               ro code  0x0800e798    0x68  localeconv.o [3]
  .text               ro code  0x0800e800    0x20  div.o [3]
  .text               ro code  0x0800e820    0x10  errno.o [3]
  .text               ro code  0x0800e830    0x44  i2c.o [1]
  .text               ro code  0x0800e874    0x38  strstr.o [3]
  .text               ro code  0x0800e8ac    0x14  setlocale.o [3]
  .text               ro code  0x0800e8c0    0x50  xencoding_sb.o [3]
  .text               ro code  0x0800e910    0x2c  xgetmemchunk.o [3]
  .text               ro code  0x0800e93c     0x2  I64DivZer.o [5]
  .text               ro code  0x0800e93e     0x2  xtls.o [3]
  .rodata             const    0x0800e940   0x878  App.o [1]
  .rodata             const    0x0800f1b8   0x12c  Lcd_App.o [1]
  .text               ro code  0x0800f2e4   0x108  stm32l0xx_it.o [1]
  .text               ro code  0x0800f3ec    0xd8  packbits_init.o [5]
  .text               ro code  0x0800f4c4     0xa  abort.o [3]
  .text               ro code  0x0800f4ce     0x2  startup_stm32l053xx.o [1]
  .text               ro code  0x0800f4d0    0x14  exit.o [6]
  .text               ro code  0x0800f4e4    0x74  system_stm32l0xx.o [1]
  .text               ro code  0x0800f558    0x3c  zero_init3.o [5]
  .rodata             const    0x0800f594    0x28  xprintffull.o [3]
  .text               ro code  0x0800f5bc    0x28  data_init.o [5]
  .rodata             const    0x0800f5e4    0x24  Lorawan.o [1]
  .iar.init_table     const    0x0800f608    0x2c  - Linker created -
  .rodata             const    0x0800f634    0x1c  XPT2046.o [1]
  .text               ro code  0x0800f650    0x1c  xsnprout.o [3]
  .text               ro code  0x0800f66c    0x1a  cmain.o [5]
  .text               ro code  0x0800f686     0x4  low_level_init.o [3]
  .text               ro code  0x0800f68a     0x8  exit.o [3]
  .text               ro code  0x0800f692     0x2  startup_stm32l053xx.o [1]
  .text               ro code  0x0800f694     0xa  cexit.o [5]
  .text               ro code  0x0800f6a0    0x10  startup_stm32l053xx.o [1]
  .text               ro code  0x0800f6b0     0xc  cstartup_M.o [5]
  .rodata             const    0x0800f6bc     0x8  system_stm32l0xx.o [1]
  .rodata             const    0x0800f6c4     0x0  zero_init3.o [5]
  .rodata             const    0x0800f6c4     0x0  packbits_init.o [5]
  Initializer bytes   const    0x0800f6c4    0xb3  <for P2 s0>
                             - 0x0800f777  0xf6b7

"P2":                                      0x1eb0
  P2 s0                        0x20000000   0x3a8  <Init block>
    .data             inited   0x20000000   0x170  Lorawan.o [1]
    __DLIB_PERTHREAD  inited   0x20000170    0x88  localeconv.o [3]
    .data             inited   0x200001f8    0x7c  App.o [1]
    __DLIB_PERTHREAD  inited   0x20000274    0x74  setlocale.o [3]
    .data             inited   0x200002e8    0x4c  max7q.o [1]
    .data             inited   0x20000334    0x38  App.o [1]
    .data             inited   0x2000036c     0xc  Key.o [1]
    .data             inited   0x20000378     0xc  Lcd_App.o [1]
    .data             inited   0x20000384     0xc  max7q.o [1]
    .data             inited   0x20000390     0x4  App.o [1]
    .data             inited   0x20000394     0x4  Lorawan.o [1]
    .data             inited   0x20000398     0x4  Lorawan.o [1]
    .data             inited   0x2000039c     0x4  main.o [1]
    .data             inited   0x200003a0     0x4  system_stm32l0xx.o [1]
    __DLIB_PERTHREAD  inited   0x200003a4     0x4  errno.o [3]
  .bss                zero     0x200003a8   0x404  usart.o [1]
  .bss                zero     0x200007ac   0x404  usart.o [1]
  .bss                zero     0x20000bb0   0x404  usart.o [1]
  .bss                zero     0x20000fb4   0x202  stm32l0xx_it.o [1]
  .bss                zero     0x200011b6     0x1  App.o [1]
  .bss                zero     0x200011b7     0x1  App.o [1]
  .bss                zero     0x200011b8    0x78  usart.o [1]
  .bss                zero     0x20001230    0x70  usart.o [1]
  .bss                zero     0x200012a0    0x70  usart.o [1]
  .bss                zero     0x20001310    0x70  usart.o [1]
  .bss                zero     0x20001380    0x64  App.o [1]
  .bss                zero     0x200013e4    0x64  Lorawan.o [1]
  .bss                zero     0x20001448    0x58  spi.o [1]
  .bss                zero     0x200014a0    0x3c  hdc1000.o [1]
  .bss                zero     0x200014dc    0x3c  mma8451.o [1]
  .bss                zero     0x20001518    0x3c  mpl3115.o [1]
  .bss                zero     0x20001554    0x3c  opt3001.o [1]
  .bss                zero     0x20001590    0x38  main.o [1]
  .bss                zero     0x200015c8    0x24  App.o [1]
  .bss                zero     0x200015ec    0x24  rtc.o [1]
  .bss                zero     0x20001610    0x20  App.o [1]
  .bss                zero     0x20001630    0x20  App.o [1]
  .bss                zero     0x20001650    0x18  stm32l0xx_hal_flash.o [1]
  .bss                zero     0x20001668    0x18  XPT2046.o [1]
  .bss                zero     0x20001680     0xc  Lorawan.o [1]
  .bss                zero     0x2000168c     0x8  xxmemxmalloc.o [3]
  .bss                zero     0x20001694     0x4  ILI9341.o [1]
  .bss                zero     0x20001698     0x4  ILI9341.o [1]
  .bss                zero     0x2000169c     0x4  ILI9341.o [1]
  .bss                zero     0x200016a0     0x4  stm32l0xx_hal.o [1]
  .bss                zero     0x200016a4     0x4  xgetmemchunk.o [3]
  .bss                zero     0x200016a8     0x1  Lcd_App.o [1]
  .bss                zero     0x200016a9     0x1  Lorawan.o [1]
  .bss                zero     0x200016aa     0x1  main.o [1]
  .bss                zero     0x200016ab     0x1  Production_Test.o [1]
  CSTACK                       0x200016b0   0x400  <Block>
    CSTACK            uninit   0x200016b0   0x400  <Block tail>
  HEAP                         0x20001ab0   0x400  <Block>
    HEAP              uninit   0x20001ab0   0x400  <Block tail>
                             - 0x20001eb0  0x1eb0


*******************************************************************************
*** INIT TABLE
***

          Address     Size
          -------     ----
Zero (__iar_zero_init3)
    1 destination range, total size 0x1304:
          0x200003a8  0x1304

Copy/packbits (__iar_packbits_init3)
    1 source range, total size 0xb3 (19% of destination):
          0x0800f6c4    0xb3
    1 destination range, total size 0x3a8:
          0x20000000   0x3a8



*******************************************************************************
*** MODULE SUMMARY
***

    Module                    ro code  ro data  rw data
    ------                    -------  -------  -------
E:\工程文件\开发板程序开发\KFB_LCD\EWARM\KFB\Obj: [1]
    App.o                       8 220    2 204      386
    ILI9341.o                   6 696                12
    Key.o                         540        2       12
    Lcd_App.o                   9 452      303       13
    Lorawan.o                   6 004      107      489
    LowPower.o                    784
    Production_Test.o             788                 1
    XPT2046.o                   1 704       28       24
    dma.o                          60
    gpio.o                        492
    hdc1000.o                     502                60
    i2c.o                          68
    main.o                        508        1       61
    max7q.o                       708       16       88
    mma8451.o                     500                60
    mpl3115.o                     370                60
    opt3001.o                     438                60
    rtc.o                         144                36
    spi.o                         132                88
    startup_stm32l053xx.o         244
    stm32l0xx_hal.o               116                 4
    stm32l0xx_hal_cortex.o        224
    stm32l0xx_hal_dma.o         1 084
    stm32l0xx_hal_flash.o         232                24
    stm32l0xx_hal_flash_ex.o      132
    stm32l0xx_hal_gpio.o          492
    stm32l0xx_hal_i2c.o         1 864
    stm32l0xx_hal_i2c_ex.o        112
    stm32l0xx_hal_msp.o            64
    stm32l0xx_hal_pwr.o            60
    stm32l0xx_hal_pwr_ex.o         28
    stm32l0xx_hal_rcc.o         1 744
    stm32l0xx_hal_rcc_ex.o        404
    stm32l0xx_hal_rtc.o           826
    stm32l0xx_hal_rtc_ex.o        296
    stm32l0xx_hal_spi.o           764
    stm32l0xx_hal_tim.o           520
    stm32l0xx_hal_uart.o        2 312
    stm32l0xx_hal_uart_ex.o         2
    stm32l0xx_it.o                264               514
    system_stm32l0xx.o            116        9        4
    usart.o                     1 062             3 540
    ---------------------------------------------------
    Total:                     51 072    2 670    5 536

command line: [2]
    ---------------------------------------------------
    Total:

dl6M_tlf.a: [3]
    abort.o                        10
    abs.o                           8
    div.o                          32
    errno.o                        16        1        4
    exit.o                          8
    localeconv.o                  104       26      136
    low_level_init.o                4
    setlocale.o                    20       22      116
    strcat.o                       28
    strstr.o                       56
    vsnprint.o                     60
    xencoding_sb.o                 80
    xgetmemchunk.o                 44                 4
    xmbcurmax.o                    10
    xmbtowc.o                      28
    xprintffull.o               4 810       40
    xsnprout.o                     28
    xtls.o                          2
    xwctomb.o                      24
    xxmemxfree.o                  136
    xxmemxmalloc.o                184                 8
    ---------------------------------------------------
    Total:                      5 692       89      268

m6M_tl.a: [4]
    DblAddSub.o                   436
    DblCmpGe.o                     50
    DblCmpLe.o                     50
    DblDiv.o                      194
    DblMul.o                      388
    DblToFlt.o                     98
    DblToI32.o                     82
    FltAddSub.o                   288
    FltCmpEq.o                     32
    FltCmpGe.o                     40
    FltCmpLe.o                     38
    FltDiv.o                      170
    FltMul.o                      176
    FltToDbl.o                     50
    FltToS32.o                     58
    FltToU32.o                     38
    I32ToDbl.o                     52
    I32ToFlt.o                     54
    sqrt.o                        190
    xdnorm.o                       68
    xdscale.o                     284
    ---------------------------------------------------
    Total:                      2 836

rt6M_tl.a: [5]
    ABImemcpy.o                    92
    ABImemset.o                    64
    I32DivModFast.o               224
    I64DivMod.o                   106
    I64DivZer.o                     2
    IntDivZer.o                     2
    cexit.o                        10
    cmain.o                        26
    cstartup_M.o                   12
    data_init.o                    40
    iarEdom.o                      12
    memchr.o                       24
    packbits_init.o               216
    strchr.o                       20
    strlen.o                       16
    zero_init3.o                   60
    ---------------------------------------------------
    Total:                        926

shb_l.a: [6]
    exit.o                         20
    ---------------------------------------------------
    Total:                         20

    Gaps                            2
    Linker created                          44    2 048
-------------------------------------------------------
    Grand Total:               60 548    2 803    7 852


*******************************************************************************
*** ENTRY LIST
***

Entry                      Address   Size  Type      Object
-----                      -------   ----  ----      ------
.iar.init_table$$Base   0x0800f608          --   Gb  - Linker created -
.iar.init_table$$Limit  0x0800f634          --   Gb  - Linker created -
?main                   0x0800f66d         Code  Gb  cmain.o [5]
ADS_Read_XY             0x08002a9f   0x72  Code  Gb  XPT2046.o [1]
AHBPrescTable           0x0800f53c   0x10  Data  Gb  system_stm32l0xx.o [1]
APBPrescTable           0x0800f6bc    0x8  Data  Gb  system_stm32l0xx.o [1]
AT_Data_buf             0x20000014  0x100  Data  Gb  Lorawan.o [1]
App_Key                 0x2000036c    0x8  Data  Gb  Key.o [1]
App_Key_str             0x20000374    0x4  Data  Gb  Key.o [1]
Busy_Gpio_exit          0x0800bbcf   0x40  Code  Gb  gpio.o [1]
CMD_Check               0x08004825  0x1bc  Code  Gb  App.o [1]
CSTACK$$Base            0x200016b0          --   Gb  - Linker created -
CSTACK$$Limit           0x20001ab0          --   Gb  - Linker created -
Clear_LPUART1_IT        0x080028e7   0x16  Code  Gb  usart.o [1]
Clear_UART1_IT          0x08002841   0x2e  Code  Gb  usart.o [1]
Clear_UART2_IT          0x08002773   0x2e  Code  Gb  usart.o [1]
DAIJI_EN                0x20000380    0x4  Data  Gb  Lcd_App.o [1]
DEBUG_Printf            0x080029b5   0x1e  Code  Gb  usart.o [1]
DEVEUI                  0x20000000   0x14  Data  Gb  Lorawan.o [1]
DMA1_Channel2_3_IRQHandler
                        0x0800f31b    0xa  Code  Gb  stm32l0xx_it.o [1]
DMA1_Channel4_5_6_7_IRQHandler
                        0x0800f325    0xa  Code  Gb  stm32l0xx_it.o [1]
DMA_SetConfig           0x08009421   0x20  Code  Lc  stm32l0xx_hal_dma.o [1]
Daiji_Time              0x2000037c    0x4  Data  Gb  Lcd_App.o [1]
Debug_Data              0x20001380   0x64  Data  Gb  App.o [1]
Debug_Data_str          0x20000340    0x4  Data  Gb  App.o [1]
Debug_shuf              0x20000358    0x4  Data  Gb  App.o [1]
Delay_us                0x08002bf5   0x1c  Code  Gb  XPT2046.o [1]
Device_Sate             0x200001fa    0x1  Data  Gb  App.o [1]
Device_Sate_str         0x20000390    0x4  Data  Gb  App.o [1]
Draw_Circle             0x080061fd  0x11e  Code  Gb  ILI9341.o [1]
Drow_Touch_Point        0x08002c11   0x98  Code  Gb  XPT2046.o [1]
EEPROM_WriteOneByte     0x0800503b   0x28  Code  Gb  App.o [1]
ENV_Data_TO             0x08004cc9   0xc2  Code  Gb  App.o [1]
EV_Send_Time            0x2000024c    0x4  Data  Gb  App.o [1]
EXTI2_3_IRQHandler      0x0800f311    0xa  Code  Gb  stm32l0xx_it.o [1]
EXTI4_15_IRQHandler     0x0800f2f9   0x18  Code  Gb  stm32l0xx_it.o [1]
Env_Send_Task           0x08004219  0x1c0  Code  Gb  App.o [1]
Error_Handler           0x08008e17    0x2  Code  Gb  main.o [1]
Error_num               0x200016ab    0x1  Data  Gb  Production_Test.o [1]
FLASH_SetErrorCode      0x0800dffb   0x6c  Code  Lc  stm32l0xx_hal_flash.o [1]
FLASH_WaitForLastOperation
                        0x0800df8d   0x6c  Code  Gb  stm32l0xx_hal_flash.o [1]
GET_LoraNode_Info       0x08007d95   0x60  Code  Gb  Lorawan.o [1]
GPIOIntoSleep           0x08009dd7  0x108  Code  Gb  LowPower.o [1]
GPS_Analysis            0x0800ab43   0x14  Code  Gb  max7q.o [1]
GPS_Data                0x20001610   0x20  Data  Gb  App.o [1]
GPS_Data_TO             0x08004c05   0xae  Code  Gb  App.o [1]
GPS_Data_str            0x20000244    0x4  Data  Gb  App.o [1]
GPS_Send_Time           0x20000354    0x4  Data  Gb  App.o [1]
GPS_UpData              0x08004b35   0x80  Code  Gb  App.o [1]
GPS_sate                0x200001fb    0x1  Data  Gb  App.o [1]
Get_HDC1000_Handler     0x0800a255    0x4  Code  Gb  hdc1000.o [1]
Get_MMA8451_Handler     0x0800a871    0x4  Code  Gb  mma8451.o [1]
Get_MPL3115_Handler     0x0800a56b    0x4  Code  Gb  mpl3115.o [1]
Get_OPT3001_Handler     0x0800a427    0x4  Code  Gb  opt3001.o [1]
Gps_DISGLL              0x200002e8   0x10  Data  Gb  max7q.o [1]
Gps_DISGSA              0x200002f8   0x10  Data  Gb  max7q.o [1]
Gps_DISGSV              0x20000308   0x10  Data  Gb  max7q.o [1]
Gps_DISVTG              0x20000318   0x10  Data  Gb  max7q.o [1]
Gps_START               0x20000384    0xc  Data  Gb  max7q.o [1]
Gps_STOP                0x20000328    0xc  Data  Gb  max7q.o [1]
HAL_DMA_Abort           0x0800918b   0x4a  Code  Gb  stm32l0xx_hal_dma.o [1]
HAL_DMA_IRQHandler      0x080091dd  0x238  Code  Gb  stm32l0xx_hal_dma.o [1]
HAL_DMA_Init            0x08009005  0x10e  Code  Gb  stm32l0xx_hal_dma.o [1]
HAL_DMA_Start_IT        0x08009135   0x56  Code  Gb  stm32l0xx_hal_dma.o [1]
HAL_Delay               0x0800956f   0x18  Code  Wk  stm32l0xx_hal.o [1]
HAL_FLASHEx_DATAEEPROM_Lock
                        0x0800ad95    0xe  Code  Gb  stm32l0xx_hal_flash_ex.o [1]
HAL_FLASHEx_DATAEEPROM_Program
                        0x0800ada3   0x4a  Code  Gb  stm32l0xx_hal_flash_ex.o [1]
HAL_FLASHEx_DATAEEPROM_Unlock
                        0x0800ad7d   0x18  Code  Gb  stm32l0xx_hal_flash_ex.o [1]
HAL_GPIO_EXTI_Callback  0x0800c119  0x16a  Code  Gb  Key.o [1]
HAL_GPIO_EXTI_IRQHandler
                        0x08008fcd   0x16  Code  Gb  stm32l0xx_hal_gpio.o [1]
HAL_GPIO_Init           0x08008e19  0x19a  Code  Gb  stm32l0xx_hal_gpio.o [1]
HAL_GPIO_ReadPin        0x08008fb3    0xe  Code  Gb  stm32l0xx_hal_gpio.o [1]
HAL_GPIO_WritePin       0x08008fc1    0xc  Code  Gb  stm32l0xx_hal_gpio.o [1]
HAL_GetTick             0x08009569    0x6  Code  Wk  stm32l0xx_hal.o [1]
HAL_I2CEx_ConfigAnalogFilter
                        0x0800df15   0x6c  Code  Gb  stm32l0xx_hal_i2c_ex.o [1]
HAL_I2C_GetError        0x0800dc4b    0x4  Code  Gb  stm32l0xx_hal_i2c.o [1]
HAL_I2C_GetState        0x0800dc45    0x6  Code  Gb  stm32l0xx_hal_i2c.o [1]
HAL_I2C_Init            0x0800d7cd   0xa4  Code  Gb  stm32l0xx_hal_i2c.o [1]
HAL_I2C_Master_Receive  0x0800d99d  0x130  Code  Gb  stm32l0xx_hal_i2c.o [1]
HAL_I2C_Master_Transmit
                        0x0800d871  0x12c  Code  Gb  stm32l0xx_hal_i2c.o [1]
HAL_I2C_Mem_Read        0x0800dadd  0x162  Code  Gb  stm32l0xx_hal_i2c.o [1]
HAL_I2C_MspInit         0x0800e831   0x38  Code  Gb  i2c.o [1]
HAL_IncTick             0x0800955f    0xa  Code  Wk  stm32l0xx_hal.o [1]
HAL_Init                0x08009521   0x1a  Code  Gb  stm32l0xx_hal.o [1]
HAL_InitTick            0x0800953b   0x24  Code  Wk  stm32l0xx_hal.o [1]
HAL_MspInit             0x0800c335   0x40  Code  Gb  stm32l0xx_hal_msp.o [1]
HAL_NVIC_DisableIRQ     0x080094db    0x8  Code  Gb  stm32l0xx_hal_cortex.o [1]
HAL_NVIC_EnableIRQ      0x080094d3    0x8  Code  Gb  stm32l0xx_hal_cortex.o [1]
HAL_NVIC_SetPriority    0x080094cb    0x8  Code  Gb  stm32l0xx_hal_cortex.o [1]
HAL_PWREx_EnableFastWakeUp
                        0x0800d64d    0xc  Code  Gb  stm32l0xx_hal_pwr_ex.o [1]
HAL_PWREx_EnableUltraLowPower
                        0x0800d659    0xc  Code  Gb  stm32l0xx_hal_pwr_ex.o [1]
HAL_PWR_EnterSTOPMode   0x0800d669   0x32  Code  Gb  stm32l0xx_hal_pwr.o [1]
HAL_RCCEx_PeriphCLKConfig
                        0x0800bf85  0x16c  Code  Gb  stm32l0xx_hal_rcc_ex.o [1]
HAL_RCC_ClockConfig     0x0800b631  0x15c  Code  Gb  stm32l0xx_hal_rcc.o [1]
HAL_RCC_GetHCLKFreq     0x0800b821    0x6  Code  Gb  stm32l0xx_hal_rcc.o [1]
HAL_RCC_GetPCLK1Freq    0x0800b827   0x18  Code  Gb  stm32l0xx_hal_rcc.o [1]
HAL_RCC_GetPCLK2Freq    0x0800b845   0x18  Code  Gb  stm32l0xx_hal_rcc.o [1]
HAL_RCC_GetSysClockFreq
                        0x0800b79d   0x84  Code  Gb  stm32l0xx_hal_rcc.o [1]
HAL_RCC_OscConfig       0x0800b1bd  0x462  Code  Gb  stm32l0xx_hal_rcc.o [1]
HAL_RTCEx_SetWakeUpTimer_IT
                        0x0800d6a5   0xe4  Code  Gb  stm32l0xx_hal_rtc_ex.o [1]
HAL_RTCEx_WakeUpTimerEventCallback
                        0x08009dc9    0xe  Code  Gb  LowPower.o [1]
HAL_RTCEx_WakeUpTimerIRQHandler
                        0x0800d789   0x30  Code  Gb  stm32l0xx_hal_rtc_ex.o [1]
HAL_RTC_Init            0x0800e075   0xa6  Code  Gb  stm32l0xx_hal_rtc.o [1]
HAL_RTC_MspInit         0x0800bd59   0x16  Code  Gb  rtc.o [1]
HAL_RTC_SetDate         0x0800e215   0xf2  Code  Gb  stm32l0xx_hal_rtc.o [1]
HAL_RTC_SetTime         0x0800e11b   0xf6  Code  Gb  stm32l0xx_hal_rtc.o [1]
HAL_RTC_WaitForSynchro  0x0800e315   0x30  Code  Gb  stm32l0xx_hal_rtc.o [1]
HAL_SPI_Init            0x0800ae01   0x82  Code  Gb  stm32l0xx_hal_spi.o [1]
HAL_SPI_MspInit         0x0800bc6b   0x38  Code  Gb  spi.o [1]
HAL_SPI_Transmit        0x0800ae83  0x1a0  Code  Gb  stm32l0xx_hal_spi.o [1]
HAL_SYSTICK_CLKSourceConfig
                        0x080094eb   0x18  Code  Gb  stm32l0xx_hal_cortex.o [1]
HAL_SYSTICK_Callback    0x0800950b    0x2  Code  Wk  stm32l0xx_hal_cortex.o [1]
HAL_SYSTICK_Config      0x080094e3    0x8  Code  Gb  stm32l0xx_hal_cortex.o [1]
HAL_SYSTICK_IRQHandler  0x08009503    0x8  Code  Gb  stm32l0xx_hal_cortex.o [1]
HAL_TIM_Base_Init       0x0800bd7d   0x34  Code  Gb  stm32l0xx_hal_tim.o [1]
HAL_TIM_Base_MspInit    0x0800bdb1   0x1e  Code  Wk  stm32l0xx_hal_tim.o [1]
HAL_TIM_Base_Start_IT   0x0800bdcf   0x16  Code  Gb  stm32l0xx_hal_tim.o [1]
HAL_TIM_IC_CaptureCallback
                        0x0800bf13    0x2  Code  Wk  stm32l0xx_hal_tim.o [1]
HAL_TIM_IRQHandler      0x0800bde9  0x128  Code  Gb  stm32l0xx_hal_tim.o [1]
HAL_TIM_OC_DelayElapsedCallback
                        0x0800bf11    0x2  Code  Wk  stm32l0xx_hal_tim.o [1]
HAL_TIM_PWM_PulseFinishedCallback
                        0x0800bf15    0x2  Code  Wk  stm32l0xx_hal_tim.o [1]
HAL_TIM_PeriodElapsedCallback
                        0x08008ce7   0x48  Code  Gb  main.o [1]
HAL_TIM_TriggerCallback
                        0x0800bf17    0x2  Code  Wk  stm32l0xx_hal_tim.o [1]
HAL_UARTEx_WakeupCallback
                        0x0800b1b9    0x2  Code  Wk  stm32l0xx_hal_uart_ex.o [1]
HAL_UART_DMAStop        0x080083e5   0x38  Code  Gb  stm32l0xx_hal_uart.o [1]
HAL_UART_ErrorCallback  0x0800852d    0x2  Code  Wk  stm32l0xx_hal_uart.o [1]
HAL_UART_IRQHandler     0x0800841d  0x10a  Code  Gb  stm32l0xx_hal_uart.o [1]
HAL_UART_Init           0x08008315   0x64  Code  Gb  stm32l0xx_hal_uart.o [1]
HAL_UART_MspInit        0x08002615  0x122  Code  Gb  usart.o [1]
HAL_UART_Receive_DMA    0x0800837d   0x68  Code  Gb  stm32l0xx_hal_uart.o [1]
HAL_UART_RxCpltCallback
                        0x08008529    0x2  Code  Wk  stm32l0xx_hal_uart.o [1]
HAL_UART_RxHalfCpltCallback
                        0x0800852b    0x2  Code  Wk  stm32l0xx_hal_uart.o [1]
HAL_UART_TxCpltCallback
                        0x08008527    0x2  Code  Wk  stm32l0xx_hal_uart.o [1]
HDC1000_IO_Init         0x0800a153   0x3c  Code  Gb  hdc1000.o [1]
HDC1000_Init            0x0800a209   0x1c  Code  Gb  hdc1000.o [1]
HDC1000_Read_Buffer     0x0800a0db   0x78  Code  Lc  hdc1000.o [1]
HDC1000_Read_Humidi     0x0800a23d   0x18  Code  Gb  hdc1000.o [1]
HDC1000_Read_Temper     0x0800a225   0x18  Code  Gb  hdc1000.o [1]
HDC1000_Set_Mode        0x0800a1e9   0x20  Code  Lc  hdc1000.o [1]
HDC1000_Soft_Reset      0x0800a1c9   0x20  Code  Lc  hdc1000.o [1]
HDC1000_Test            0x08009a75   0x70  Code  Gb  Production_Test.o [1]
HDC1000_Update          0x080049fd   0x84  Code  Gb  App.o [1]
HDC1000_Write_Buffer    0x0800a081   0x5a  Code  Lc  hdc1000.o [1]
HEAP$$Base              0x20001ab0          --   Gb  - Linker created -
HEAP$$Limit             0x20001eb0          --   Gb  - Linker created -
HardFault_Handler       0x0800f2e7    0x2  Code  Gb  stm32l0xx_it.o [1]
Hardware_Init           0x08008e01   0x16  Code  Gb  main.o [1]
I2C_IsAcknowledgeFailed
                        0x0800de57   0x96  Code  Lc  stm32l0xx_hal_i2c.o [1]
I2C_RequestMemoryRead   0x0800dc4f   0x7a  Code  Lc  stm32l0xx_hal_i2c.o [1]
I2C_TransferConfig      0x0800deed   0x20  Code  Lc  stm32l0xx_hal_i2c.o [1]
I2C_WaitOnFlagUntilTimeout
                        0x0800dcc9   0x7e  Code  Lc  stm32l0xx_hal_i2c.o [1]
I2C_WaitOnRXNEFlagUntilTimeout
                        0x0800dde7   0x70  Code  Lc  stm32l0xx_hal_i2c.o [1]
I2C_WaitOnSTOPFlagUntilTimeout
                        0x0800dd9b   0x4c  Code  Lc  stm32l0xx_hal_i2c.o [1]
I2C_WaitOnTXISFlagUntilTimeout
                        0x0800dd47   0x54  Code  Lc  stm32l0xx_hal_i2c.o [1]
I2Cx_Init               0x0800a18f   0x38  Code  Gb  hdc1000.o [1]
ILI9341_INITIAL         0x080050b3  0x224  Code  Gb  ILI9341.o [1]
InStream_Read           0x0800f3ed   0x22  Code  Lc  packbits_init.o [5]
Int2Str                 0x08004f8d   0x6a  Code  Gb  App.o [1]
KEY_DO                  0x0800c2b5   0x80  Code  Gb  Key.o [1]
KFB_B_EN                0x200001f9    0x1  Data  Gb  App.o [1]
LCDOpenWindows          0x0800545b   0x6a  Code  Gb  ILI9341.o [1]
LCD_APP_INIT_P2P        0x0800166d  0x398  Code  Gb  Lcd_App.o [1]
LCD_APP_INIT_one        0x080001f1  0x464  Code  Gb  Lcd_App.o [1]
LCD_APP_INIT_tre        0x0800132d  0x22e  Code  Gb  Lcd_App.o [1]
LCD_APP_INIT_two        0x08000f15  0x278  Code  Gb  Lcd_App.o [1]
LCD_APP_Mode            0x08001f41  0x626  Code  Gb  Lcd_App.o [1]
LCD_Adjust              0x080000c1   0xca  Code  Gb  Lcd_App.o [1]
LCD_Clear               0x080063fb   0x40  Code  Gb  ILI9341.o [1]
LCD_DrawLine            0x080060f9   0xb6  Code  Gb  ILI9341.o [1]
LCD_DrawPoint           0x080060bd   0x38  Code  Gb  ILI9341.o [1]
LCD_DrawRectangle       0x080061af   0x4e  Code  Gb  ILI9341.o [1]
LCD_EN                  0x200016aa    0x1  Data  Gb  main.o [1]
LCD_Fill                0x0800643b   0x48  Code  Gb  ILI9341.o [1]
LCD_MODE1_do            0x08000691  0x862  Code  Gb  Lcd_App.o [1]
LCD_MODE2_do            0x080011a1  0x12e  Code  Gb  Lcd_App.o [1]
LCD_MODE3_do            0x08001579   0x9a  Code  Gb  Lcd_App.o [1]
LCD_MODE4_do            0x08001a4d  0x4aa  Code  Gb  Lcd_App.o [1]
LCD_ShowChar            0x0800631d   0x4e  Code  Gb  ILI9341.o [1]
LCD_ShowNum             0x0800637f   0x7c  Code  Gb  ILI9341.o [1]
LCD_ShowString          0x08006483   0x42  Code  Gb  ILI9341.o [1]
LCD_WriteCommand        0x080052d7   0x3c  Code  Gb  ILI9341.o [1]
LCD_WriteData           0x08005313   0x3a  Code  Gb  ILI9341.o [1]
LCD_Write_Data          0x0800534d   0x14  Code  Gb  ILI9341.o [1]
LCD_ili9341_DrawPicture
                        0x08005361   0xfa  Code  Gb  ILI9341.o [1]
LORA_NODE_Test          0x08009bf9   0x3e  Code  Gb  Production_Test.o [1]
LPUART1_GPIO_Init       0x0800bb97   0x38  Code  Gb  gpio.o [1]
LPUART1_SendByte        0x08002891    0xc  Code  Gb  usart.o [1]
LPUART1_SendString      0x080028a1   0x18  Code  Gb  usart.o [1]
LPUART1_UART_Init       0x08002921   0x66  Code  Gb  usart.o [1]
LPUART_CharReception_Callback
                        0x08009feb    0xe  Code  Gb  LowPower.o [1]
LPUsart1Receive_IDLE    0x080028b9   0x2e  Code  Gb  usart.o [1]
LPUsart1SendData        0x08002879   0x18  Code  Gb  usart.o [1]
LPUsart1_RX             0x20000bb0  0x404  Data  Gb  usart.o [1]
Lcd_mode                0x20000378    0x1  Data  Gb  Lcd_App.o [1]
Light                   0x2000039c    0x1  Data  Gb  main.o [1]
LoRaNode_Go_To_Sleep    0x08009ee1   0x20  Code  Gb  LowPower.o [1]
LoRaNode_LowPower_Send  0x08007c19   0xc6  Code  Gb  Lorawan.o [1]
LoRaNode_Send_To_Sleep  0x08009f01   0x24  Code  Gb  LowPower.o [1]
LoRa_Node               0x200013e4   0x64  Data  Gb  Lorawan.o [1]
LoRa_Node_str           0x20000394    0x4  Data  Gb  Lorawan.o [1]
LoRa_Send               0x20001680    0xc  Data  Gb  Lorawan.o [1]
LoRa_Send_str           0x20000398    0x4  Data  Gb  Lorawan.o [1]
LoadInt                 0x0800c9d3   0x68  Code  Lc  xprintffull.o [3]
LoraNode_Delay          0x08007ea5    0x8  Code  Gb  Lorawan.o [1]
LoraNode_GPIO_Init      0x08006ac1   0x46  Code  Gb  Lorawan.o [1]
LoraNode_GetADR         0x0800702d   0x54  Code  Gb  Lorawan.o [1]
LoraNode_GetAppEUI      0x08006c49   0x7a  Code  Gb  Lorawan.o [1]
LoraNode_GetAppKey      0x08006ce1   0x7a  Code  Gb  Lorawan.o [1]
LoraNode_GetAppSKey     0x08006e1d   0x7c  Code  Gb  Lorawan.o [1]
LoraNode_GetBAND        0x080071dd   0x44  Code  Gb  Lorawan.o [1]
LoraNode_GetConfirm     0x08006fb5   0x5a  Code  Gb  Lorawan.o [1]
LoraNode_GetDevAddr     0x08006d81   0x7a  Code  Gb  Lorawan.o [1]
LoraNode_GetDevEUI      0x08006b99   0x94  Code  Gb  Lorawan.o [1]
LoraNode_GetNBT         0x08007175   0x4a  Code  Gb  Lorawan.o [1]
LoraNode_GetNetMode     0x08006f4d   0x54  Code  Gb  Lorawan.o [1]
LoraNode_GetNwkSKey     0x08006eb5   0x7c  Code  Gb  Lorawan.o [1]
LoraNode_GetPOWER       0x080072c1   0x92  Code  Gb  Lorawan.o [1]
LoraNode_GetSF          0x08007109   0x4a  Code  Gb  Lorawan.o [1]
LoraNode_GetSNR         0x08007235   0x80  Code  Gb  Lorawan.o [1]
LoraNode_GetState       0x08007369  0x164  Code  Gb  Lorawan.o [1]
LoraNode_GetVER         0x08007095   0x56  Code  Gb  Lorawan.o [1]
LoraNode_IO_State       0x08007e85    0xe  Code  Gb  Lorawan.o [1]
LoraNode_Init_Mode      0x08006b07   0x16  Code  Gb  Lorawan.o [1]
LoraNode_Mode_Set       0x08006b1d   0x22  Code  Gb  Lorawan.o [1]
LoraNode_Read           0x08007be5   0x2e  Code  Gb  Lorawan.o [1]
LoraNode_Reset          0x08006b79   0x20  Code  Lc  Lorawan.o [1]
LoraNode_STA_Check      0x08007df5   0x78  Code  Gb  Lorawan.o [1]
LoraNode_Save           0x08007b89   0x46  Code  Gb  Lorawan.o [1]
LoraNode_Send_AT        0x08007bdd    0x8  Code  Gb  Lorawan.o [1]
LoraNode_SetADR         0x08007685   0x60  Code  Gb  Lorawan.o [1]
LoraNode_SetBAND        0x080077e5   0x60  Code  Gb  Lorawan.o [1]
LoraNode_SetCFM         0x08007611   0x60  Code  Gb  Lorawan.o [1]
LoraNode_SetDebug       0x080078d1   0x60  Code  Gb  Lorawan.o [1]
LoraNode_SetGPIO        0x080074ed   0x8e  Code  Gb  Lorawan.o [1]
LoraNode_SetMINI_RF     0x08007b0d   0x60  Code  Gb  Lorawan.o [1]
LoraNode_SetNBT         0x0800776d   0x60  Code  Gb  Lorawan.o [1]
LoraNode_SetNetMode     0x0800759d   0x60  Code  Gb  Lorawan.o [1]
LoraNode_SetP2P         0x0800799d  0x16a  Code  Gb  Lorawan.o [1]
LoraNode_SetPOWER       0x08007859   0x60  Code  Gb  Lorawan.o [1]
LoraNode_SetRADIO       0x08007945   0x58  Code  Gb  Lorawan.o [1]
LoraNode_SetSF          0x080076f9   0x60  Code  Gb  Lorawan.o [1]
LoraNode_Wake_Sleep     0x08006b3f   0x3a  Code  Gb  Lorawan.o [1]
LoraNode_Write_Receive_Bytes
                        0x08007ce5   0xb0  Code  Gb  Lorawan.o [1]
LowPower_Init           0x08009d71   0x3a  Code  Gb  LowPower.o [1]
LowPower_Send_Task      0x08003f55  0x252  Code  Gb  App.o [1]
MMA8451IntoSleep        0x0800a895   0x12  Code  Gb  mma8451.o [1]
MMA8451_CalcAcceleration
                        0x0800a753   0x4c  Code  Gb  mma8451.o [1]
MMA8451_ReadAcceleration
                        0x0800a7a1   0xd0  Code  Gb  mma8451.o [1]
MMA8451_Read_Buffer     0x0800a707   0x4c  Code  Lc  mma8451.o [1]
MMA8451_Test            0x08009ba9   0x50  Code  Gb  Production_Test.o [1]
MMA8451_Upate           0x08004af1   0x3a  Code  Gb  App.o [1]
MMA8451_Write_Buffer    0x0800a6bd   0x4a  Code  Lc  mma8451.o [1]
MPL3115IntoSleep        0x0800a581   0x56  Code  Gb  mpl3115.o [1]
MPL3115_ReadPressure    0x0800a50f   0x5c  Code  Gb  mpl3115.o [1]
MPL3115_ReadStatus      0x0800a4fb   0x14  Code  Gb  mpl3115.o [1]
MPL3115_Read_Buffer     0x0800a4af   0x4c  Code  Lc  mpl3115.o [1]
MPL3115_Test            0x08009b61   0x48  Code  Gb  Production_Test.o [1]
MPL3115_Update          0x08004ab1   0x3a  Code  Gb  App.o [1]
MPL3115_Write_Buffer    0x0800a465   0x4a  Code  Lc  mpl3115.o [1]
MX_DMA_Init             0x0800bcb1   0x3c  Code  Gb  dma.o [1]
MX_GPIO_Init            0x0800ba41  0x156  Code  Gb  gpio.o [1]
MX_LPUART1_UART_Init    0x080025ad    0x8  Code  Gb  usart.o [1]
MX_RTC_Init             0x0800bced   0x6c  Code  Gb  rtc.o [1]
MX_SPI1_Init            0x0800bc2d   0x3e  Code  Gb  spi.o [1]
MX_USART1_UART_Init     0x080025b5   0x30  Code  Gb  usart.o [1]
MX_USART2_UART_Init     0x080025e5   0x30  Code  Gb  usart.o [1]
NMEA_Comma_Pos          0x0800a8b1   0x2e  Code  Gb  max7q.o [1]
NMEA_GPGGA_Analysis     0x0800a9d5   0x52  Code  Gb  max7q.o [1]
NMEA_GPRMC_Analysis     0x0800aa29  0x11a  Code  Gb  max7q.o [1]
NMEA_Pow                0x0800a8df   0x14  Code  Gb  max7q.o [1]
NMEA_Str2num            0x0800a8f3   0xe2  Code  Gb  max7q.o [1]
NMI_Handler             0x0800f2e5    0x2  Code  Gb  stm32l0xx_it.o [1]
NVIC_DisableIRQ         0x0800944f    0xe  Code  Lc  stm32l0xx_hal_cortex.o [1]
NVIC_EnableIRQ          0x08009441    0xe  Code  Lc  stm32l0xx_hal_cortex.o [1]
NVIC_SetPriority        0x0800945d   0x44  Code  Lc  stm32l0xx_hal_cortex.o [1]
NVIC_SystemReset        0x0800307d   0x12  Code  Lc  App.o [1]
OPT3001IntoSleep        0x0800a451   0x12  Code  Gb  opt3001.o [1]
OPT3001_Configure       0x0800a353   0x48  Code  Lc  opt3001.o [1]
OPT3001_Get_Lux         0x0800a3b3   0x36  Code  Gb  opt3001.o [1]
OPT3001_IO_Init         0x0800a3e9   0x3e  Code  Gb  opt3001.o [1]
OPT3001_Init            0x0800a2ad    0xe  Code  Gb  opt3001.o [1]
OPT3001_Read_Buffer     0x0800a2ef   0x64  Code  Lc  opt3001.o [1]
OPT3001_Result          0x0800a39b   0x18  Code  Gb  opt3001.o [1]
OPT3001_Update          0x08004a81   0x2a  Code  Gb  App.o [1]
OPT3001_Write_Buffer    0x0800a2bb   0x34  Code  Lc  opt3001.o [1]
OPT3003_Test            0x08009ae5   0x7c  Code  Gb  Production_Test.o [1]
P2P_TEST                0x20000364    0x8  Data  Gb  App.o [1]
P2P_lenth               0x20000334    0x1  Data  Gb  App.o [1]
P2P_rece                0x20000338    0x8  Data  Gb  App.o [1]
PLLMulTable             0x0800f54c    0xc  Data  Gb  system_stm32l0xx.o [1]
Pen_Point               0x20001668   0x18  Data  Gb  XPT2046.o [1]
PendSV_Handler          0x0800f2eb    0x2  Code  Gb  stm32l0xx_it.o [1]
PrepareLPUARTToStopMode
                        0x08002901   0x1e  Code  Gb  usart.o [1]
Printf_LoRaNode_Info    0x08007f15  0x228  Code  Gb  Lorawan.o [1]
ProcFlash               0x20001650   0x18  Data  Gb  stm32l0xx_hal_flash.o [1]
RNG_LPUART1_IRQHandler  0x0800f34b   0x6a  Code  Gb  stm32l0xx_it.o [1]
RTC_Bcd2ToByte          0x0800e39b   0x14  Code  Gb  stm32l0xx_hal_rtc.o [1]
RTC_ByteToBcd2          0x0800e385   0x16  Code  Gb  stm32l0xx_hal_rtc.o [1]
RTC_EnterInitMode       0x0800e349   0x36  Code  Gb  stm32l0xx_hal_rtc.o [1]
RTC_IRQHandler          0x0800f3b5    0xa  Code  Gb  stm32l0xx_it.o [1]
RX_BB                   0x2000034c    0x4  Data  Gb  App.o [1]
RX_SUM                  0x20000344    0x4  Data  Gb  App.o [1]
Read_ADS                0x08002b11   0x28  Code  Gb  XPT2046.o [1]
Read_ADS2               0x08002b39   0xbc  Code  Gb  XPT2046.o [1]
RecoveryClock           0x08009f5f   0x8c  Code  Gb  LowPower.o [1]
Region$$Table$$Base     0x0800f608          --   Gb  - Linker created -
Region$$Table$$Limit    0x0800f634          --   Gb  - Linker created -
SENSOR_Testing          0x080049e1   0x1c  Code  Gb  App.o [1]
SPI_WaitOnFlagUntilTimeout
                        0x0800b02d   0xca  Code  Lc  stm32l0xx_hal_spi.o [1]
SS_Data                 0x20001630   0x20  Data  Gb  App.o [1]
SVC_Handler             0x0800f2e9    0x2  Code  Gb  stm32l0xx_it.o [1]
Send_Sate_Sign          0x200011b6    0x1  Data  Gb  App.o [1]
Sensor_Data             0x200015c8   0x24  Data  Gb  App.o [1]
Sensor_Data_str         0x20000248    0x4  Data  Gb  App.o [1]
Set_RTC_WakeUp          0x08009dab   0x1e  Code  Gb  LowPower.o [1]
StrToHex                0x08007eeb   0x2a  Code  Gb  Lorawan.o [1]
StringCat               0x08004ff7   0x28  Code  Gb  App.o [1]
StringCat2              0x0800501f   0x1c  Code  Gb  App.o [1]
StringStr               0x08007ead   0x3e  Code  Gb  Lorawan.o [1]
SysTick_Config          0x080094a1   0x2a  Code  Lc  stm32l0xx_hal_cortex.o [1]
SysTick_Handler         0x0800f2ed    0xc  Code  Gb  stm32l0xx_it.o [1]
SystemClock_Config      0x08008d2f   0xae  Code  Gb  main.o [1]
SystemCoreClock         0x200003a0    0x4  Data  Gb  system_stm32l0xx.o [1]
SystemInit              0x0800f4e5   0x40  Code  Gb  system_stm32l0xx.o [1]
SystemRecovery          0x08009f25   0x3a  Code  Gb  LowPower.o [1]
System_Task             0x08004441  0x374  Code  Gb  App.o [1]
TIM6_DAC_IRQHandler     0x0800f3bf    0xa  Code  Gb  stm32l0xx_it.o [1]
TIM_Base_SetConfig      0x0800bf19   0x5e  Code  Lc  stm32l0xx_hal_tim.o [1]
TIM_init_lcd            0x08008cc3   0x24  Code  Gb  main.o [1]
TX_BB                   0x20000350    0x4  Data  Gb  App.o [1]
TX_SUM                  0x20000348    0x4  Data  Gb  App.o [1]
Test_Data               0x20000204   0x40  Data  Gb  App.o [1]
Test_ON                 0x200001fd    0x1  Data  Gb  App.o [1]
Test_len                0x200001fc    0x1  Data  Gb  App.o [1]
Test_task               0x08009a5d   0x18  Code  Gb  Production_Test.o [1]
TimHandle               0x20001590   0x38  Data  Gb  main.o [1]
TimeOut_Sign            0x200001f8    0x1  Data  Gb  App.o [1]
Time_Out_Break          0x08004bb5   0x38  Code  Gb  App.o [1]
Touch_Adjust            0x08002cb5  0x352  Code  Gb  XPT2046.o [1]
Touch_Key               0x0800018b   0x4e  Code  Gb  Lcd_App.o [1]
UART1_SendByte          0x08002829    0xc  Code  Gb  usart.o [1]
UART2_SendByte          0x0800274f    0xc  Code  Gb  usart.o [1]
UART_AdvFeatureConfig   0x08008a3d   0xca  Code  Gb  stm32l0xx_hal_uart.o [1]
UART_CheckIdleState     0x080089e1   0x50  Code  Gb  stm32l0xx_hal_uart.o [1]
UART_DMAError           0x08008571   0x22  Code  Lc  stm32l0xx_hal_uart.o [1]
UART_DMAReceiveCplt     0x0800853d   0x2a  Code  Lc  stm32l0xx_hal_uart.o [1]
UART_DMARxHalfCplt      0x08008567    0xa  Code  Lc  stm32l0xx_hal_uart.o [1]
UART_EndTransmit_IT     0x080085fb   0x1a  Code  Lc  stm32l0xx_hal_uart.o [1]
UART_Receive_IT         0x08008615   0x8e  Code  Lc  stm32l0xx_hal_uart.o [1]
UART_SetConfig          0x080086a9  0x31a  Code  Gb  stm32l0xx_hal_uart.o [1]
UART_Transmit_IT        0x08008593   0x68  Code  Lc  stm32l0xx_hal_uart.o [1]
UART_WaitOnFlagUntilTimeout
                        0x08008b15   0xce  Code  Gb  stm32l0xx_hal_uart.o [1]
USART1_IRQHandler       0x0800f32f    0xe  Code  Gb  stm32l0xx_it.o [1]
USART2_IRQHandler       0x0800f33d    0xe  Code  Gb  stm32l0xx_it.o [1]
USART2_SendString       0x0800275b   0x18  Code  Gb  usart.o [1]
Usart1Receive_IDLE      0x080027d9   0x34  Code  Gb  usart.o [1]
Usart1SendData          0x08002811   0x18  Code  Gb  usart.o [1]
Usart1_RX               0x200007ac  0x404  Data  Gb  usart.o [1]
Usart2Receive_IDLE      0x080027a1   0x34  Code  Gb  usart.o [1]
Usart2SendData          0x08002737   0x18  Code  Gb  usart.o [1]
Usart2_RX               0x200003a8  0x404  Data  Gb  usart.o [1]
User_App                0x08003099  0xe94  Code  Gb  App.o [1]
XPT2046_read            0x08002a19   0x86  Code  Gb  XPT2046.o [1]
XPT2046_write           0x080029d5   0x44  Code  Gb  XPT2046.o [1]
_EncodingSb_Mbtowc      0x0800e8d5   0x2c  Code  Gb  xencoding_sb.o [3]
_EncodingSb_Wctomb      0x0800e8c1   0x14  Code  Gb  xencoding_sb.o [3]
_GenldFull              0x0800d339  0x2d4  Code  Lc  xprintffull.o [3]
_IsdstStr               0x20000278    0x4  Data  Gb  setlocale.o [3]
_LdtobFull              0x0800cea5  0x480  Code  Lc  xprintffull.o [3]
_LitobFull              0x0800cd71  0x12e  Code  Lc  xprintffull.o [3]
_LocaleEncoding         0x0800e8ad    0xc  Code  Gb  setlocale.o [3]
_LocaleReturnString     0x20000298   0x50  Data  Lc  setlocale.o [3]
_Locale_Profile         0x2000027c   0x1c  Data  Gb  setlocale.o [3]
_Locale_aeabi_lconv     0x200001c0   0x38  Data  Gb  localeconv.o [3]
_Locale_lconv           0x20000170   0x50  Data  Gb  localeconv.o [3]
_Mbtowc                 0x0800e3af   0x1c  Code  Gb  xmbtowc.o [3]
_PrintfFull             0x0800c375  0x65e  Code  Gb  xprintffull.o [3]
_PutcharsFull           0x0800d60f   0x30  Code  Lc  xprintffull.o [3]
_PutstrFull             0x0800ca3d  0x334  Code  Lc  xprintffull.o [3]
_SNProut                0x0800f651   0x1c  Code  Gb  xsnprout.o [3]
_TzoneStr               0x20000274    0x4  Data  Gb  setlocale.o [3]
_Wctomb                 0x0800e4c9   0x18  Code  Gb  xwctomb.o [3]
__aeabi_cdcmple         0x0800e617         Code  Gb  DblCmpLe.o [4]
__aeabi_cdrcmple        0x0800e649         Code  Gb  DblCmpGe.o [4]
__aeabi_cfcmpeq         0x0800a5d9         Code  Gb  FltCmpEq.o [4]
__aeabi_cfcmple         0x08009801         Code  Gb  FltCmpLe.o [4]
__aeabi_cfrcmple        0x08009829         Code  Gb  FltCmpGe.o [4]
__aeabi_d2f             0x0800acf1         Code  Gb  DblToFlt.o [4]
__aeabi_d2iz            0x080096cd         Code  Gb  DblToI32.o [4]
__aeabi_d2uiz           0x080096f1         Code  Gb  DblToI32.o [4]
__aeabi_dadd            0x0800b88d         Code  Gb  DblAddSub.o [4]
__aeabi_ddiv            0x0800a5f9         Code  Gb  DblDiv.o [4]
__aeabi_dmul            0x0800ab6d         Code  Gb  DblMul.o [4]
__aeabi_dsub            0x0800b953         Code  Gb  DblAddSub.o [4]
__aeabi_errno_addr      0x0800e821    0xa  Code  Gb  errno.o [3]
__aeabi_f2d             0x0800a279         Code  Gb  FltToDbl.o [4]
__aeabi_f2iz            0x08009a21         Code  Gb  FltToS32.o [4]
__aeabi_f2uiz           0x0800ad55         Code  Gb  FltToU32.o [4]
__aeabi_fadd            0x08009901         Code  Gb  FltAddSub.o [4]
__aeabi_fdiv            0x08009757         Code  Gb  FltDiv.o [4]
__aeabi_fmul            0x08009851         Code  Gb  FltMul.o [4]
__aeabi_fsub            0x08009971         Code  Gb  FltAddSub.o [4]
__aeabi_i2d             0x080095d9         Code  Gb  I32ToDbl.o [4]
__aeabi_i2f             0x08009721         Code  Gb  I32ToFlt.o [4]
__aeabi_idiv            0x08008261         Code  Gb  I32DivModFast.o [5]
__aeabi_idiv0           0x0800b1b5         Code  Gb  IntDivZer.o [5]
__aeabi_idivmod         0x08008261         Code  Gb  I32DivModFast.o [5]
__aeabi_ldiv0           0x0800e93d         Code  Gb  I64DivZer.o [5]
__aeabi_memclr4         0x0800b195         Code  Gb  ABImemset.o [5]
__aeabi_memclr8         0x0800b195         Code  Gb  ABImemset.o [5]
__aeabi_memcpy          0x0800b0fd         Code  Gb  ABImemcpy.o [5]
__aeabi_memcpy4         0x0800b125         Code  Wk  ABImemcpy.o [5]
__aeabi_memset4         0x0800b159         Code  Gb  ABImemset.o [5]
__aeabi_memset8         0x0800b159         Code  Gb  ABImemset.o [5]
__aeabi_ui2d            0x080095ed         Code  Gb  I32ToDbl.o [4]
__aeabi_ui2f            0x08009739         Code  Gb  I32ToFlt.o [4]
__aeabi_uidiv           0x08008267         Code  Gb  I32DivModFast.o [5]
__aeabi_uidivmod        0x08008267         Code  Gb  I32DivModFast.o [5]
__aeabi_uldivmod        0x0800e569         Code  Gb  I64DivMod.o [5]
__cmain                 0x0800f66d         Code  Gb  cmain.o [5]
__data_Aldata           0x2000168c    0x8  Data  Gb  xxmemxmalloc.o [3]
__data_GetMemChunk      0x0800e911   0x2c  Code  Gb  xgetmemchunk.o [3]
__exit                  0x0800f4d1   0x14  Code  Gb  exit.o [6]
__iar_Dnorm             0x0800e5d3   0x44  Code  Gb  xdnorm.o [4]
__iar_Dscale            0x0800e67d  0x11c  Code  Gb  xdscale.o [4]
__iar_Errno             0x200003a4    0x4  Data  Gb  errno.o [3]
__iar_Locale_lconv_init
                        0x0800e799   0x32  Code  Gb  localeconv.o [3]
__iar_Mbcurmax          0x0800e407    0xa  Code  Gb  xmbcurmax.o [3]
__iar_Memchr            0x0800e3ef   0x18  Code  Gb  memchr.o [5]
__iar_Memset4_word      0x0800b165         Code  Gb  ABImemset.o [5]
__iar_Strchr            0x0800e3cb   0x14  Code  Gb  strchr.o [5]
__iar_Strstr            0x0800e875   0x38  Code  Gb  strstr.o [3]
__iar_d2uiz             0x080096f5         Code  Gb  DblToI32.o [4]
__iar_data_init3        0x0800f5bd   0x28  Code  Gb  data_init.o [5]
__iar_dlib_perthread_access
                        0x0800e93f    0x2  Code  Gb  xtls.o [3]
__iar_edom              0x0800d641         Code  Gb  iarEdom.o [5]
__iar_packbits_init3    0x0800f40f   0xb6  Code  Gb  packbits_init.o [5]
__iar_program_start     0x0800f6b1         Code  Gb  cstartup_M.o [5]
__iar_sqrt              0x0800960d         Code  Gb  sqrt.o [4]
__iar_ui2d              0x080095f1         Code  Gb  I32ToDbl.o [4]
__iar_ui2f              0x0800973d         Code  Gb  I32ToFlt.o [4]
__iar_zero_init3        0x0800f559   0x3c  Code  Gb  zero_init3.o [5]
__low_level_init        0x0800f687    0x4  Code  Gb  low_level_init.o [3]
__vector_table          0x08000000         Data  Gb  startup_stm32l053xx.o [1]
_call_main              0x0800f679         Code  Gb  cmain.o [5]
_exit                   0x0800f695         Code  Gb  cexit.o [5]
_main                   0x0800f683         Code  Gb  cmain.o [5]
abort                   0x0800f4c5    0xa  Code  Gb  abort.o [3]
abs                     0x080095d1    0x8  Code  Gb  abs.o [3]
asc2_1608               0x080064d0  0x5f0  Data  Gb  ILI9341.o [1]
delay_10ms              0x08005099   0x1a  Code  Gb  ILI9341.o [1]
div                     0x0800e801   0x20  Code  Gb  div.o [3]
exit                    0x0800f68b    0x8  Code  Gb  exit.o [3]
free                    0x0800e4e1   0x82  Code  Gb  xxmemxfree.o [3]
gImage_lsd              0x08005520  0xb9c  Data  Gb  ILI9341.o [1]
get_debug_data          0x08004dcd  0x1ba  Code  Gb  App.o [1]
hdc1000                 0x200014a0   0x3c  Data  Gb  hdc1000.o [1]
hdma_usart1_rx          0x200011b8   0x3c  Data  Gb  usart.o [1]
hdma_usart2_rx          0x200011f4   0x3c  Data  Gb  usart.o [1]
hlpuart1                0x20001230   0x70  Data  Gb  usart.o [1]
hrtc                    0x200015ec   0x24  Data  Gb  rtc.o [1]
hspi1                   0x20001448   0x58  Data  Gb  spi.o [1]
huart1                  0x200012a0   0x70  Data  Gb  usart.o [1]
huart2                  0x20001310   0x70  Data  Gb  usart.o [1]
localeconv              0x0800e7cb   0x18  Code  Gb  localeconv.o [3]
main                    0x08008c1d   0xa6  Code  Gb  main.o [1]
malloc                  0x0800e411   0xb2  Code  Gb  xxmemxmalloc.o [3]
mma8451                 0x200014dc   0x3c  Data  Gb  mma8451.o [1]
mpl3115                 0x20001518   0x3c  Data  Gb  mpl3115.o [1]
mypow                   0x0800636b   0x14  Code  Gb  ILI9341.o [1]
opt3001                 0x20001554   0x3c  Data  Gb  opt3001.o [1]
send_num                0x20000250    0x4  Data  Gb  App.o [1]
send_ok                 0x20000254    0x4  Data  Gb  App.o [1]
send_shuf               0x20000258    0x4  Data  Gb  App.o [1]
sqrt                    0x0800960d         Code  Gb  sqrt.o [4]
sqrtl                   0x0800960d         Code  Gb  sqrt.o [4]
strcat                  0x0800b199   0x1c  Code  Gb  strcat.o [3]
strlen                  0x0800e3df   0x10  Code  Gb  strlen.o [5]
strstr                  0x0800df85    0x8  Code  Gb  max7q.o [1]
test_tt                 0x080054c5   0x4a  Code  Gb  ILI9341.o [1]
uwTick                  0x200016a0    0x4  Data  Gb  stm32l0xx_hal.o [1]
vsnprintf               0x08009595   0x3c  Code  Gb  vsnprint.o [3]


[1] = E:\工程文件\开发板程序开发\KFB_LCD\EWARM\KFB\Obj
[2] = command line
[3] = dl6M_tlf.a
[4] = m6M_tl.a
[5] = rt6M_tl.a
[6] = shb_l.a

  60 548 bytes of readonly  code memory
   2 803 bytes of readonly  data memory
   7 852 bytes of readwrite data memory

Errors: none
Warnings: none
